[18:41:22] run 'trial_grid_pumps' (survey_config_grid): 18 geometries, 0 already done, 18 to do
[18:41:22] [1/18] ridge h=300 w=300 sw=5  (1a03c9579098)
[18:42:09]   pumps (28s): TM00[A] 2.0010, TE00[S] 1.9230 | TE01[S] 1.7764, TM01[A] 1.7697, TM02[A] 1.7541
[18:42:09]   done in 47s; no phase matches
[18:42:09]   elapsed 0.8 min, est. remaining 13.4 min
[18:42:09] [2/18] ridge h=300 w=400 sw=5  (6161f3393bb0)
[18:43:00]   pumps (31s): TM00[A] 2.0357, TE00[S] 1.9706 | TM10[S] 1.8660, TM01[A] 1.7936, TE01[S] 1.7778
[18:43:00]   done in 51s; no phase matches
[18:43:00]   elapsed 1.6 min, est. remaining 13.1 min
[18:43:00] [3/18] ridge h=300 w=500 sw=5  (22014072663e)
[18:44:01]   pumps (41s): TM00[A] 2.0538, TE00[S] 1.9943 | TM10[S] 1.9383, TE10[A] 1.8592 | TM21[A] 1.8030
[18:44:01]   done in 61s; no phase matches
[18:44:01]   elapsed 2.7 min, est. remaining 13.3 min
[18:44:01] [4/18] ridge h=300 w=600 sw=5  (eb165d8d6f8a)
[18:45:04]   pumps (42s): TM00[A] 2.0644, TE00[S] 2.0077, TM10[S] 1.9811 | TE10[A] 1.9113, TM20[A] 1.8400
[18:45:05]   done in 63s; no phase matches
[18:45:05]   elapsed 3.7 min, est. remaining 13.0 min
[18:45:05] [5/18] ridge h=300 w=700 sw=5  (4ba92adb5fc8)
[18:46:10]   pumps (44s): TM00[A] 2.0711, TE00[S] 2.0159, TM10[S] 2.0082 | TE10[A] 1.9441, TM20[A] 1.9014
[18:46:10]   done in 65s; no phase matches
[18:46:10]   elapsed 4.8 min, est. remaining 12.5 min
[18:46:10] [6/18] ridge h=300 w=800 sw=5  (6dc02431d95f)
[18:47:16]   pumps (45s): TM00[A] 2.0756, TM10[S] 2.0266, TE00[S] 2.0212 | TE10[A] 1.9659, TM20[A] 1.9433
[18:47:17]   done in 66s; no phase matches
[18:47:17]   elapsed 5.9 min, est. remaining 11.8 min
[18:47:17] [7/18] ridge h=350 w=300 sw=5  (5575565c7993)
[18:48:16]   pumps (40s): TM00[A] 2.0201, TE00[S] 1.9344 | TM01[A] 1.8134, TE01[S] 1.7792, TM22[A] 1.7617
[18:48:17]   done in 60s; no phase matches
[18:48:17]   elapsed 6.9 min, est. remaining 10.9 min
[18:48:17] [8/18] ridge h=350 w=400 sw=5  (cde1f4a6155a)
[18:49:18]   pumps (40s): TM00[A] 2.0560, TE00[S] 1.9839 | TM10[S] 1.8837, TM01[A] 1.8476, TE01[S] 1.8151
[18:49:18]   done in 61s; no phase matches
[18:49:18]   elapsed 7.9 min, est. remaining 9.9 min
[18:49:18] [9/18] ridge h=350 w=500 sw=5  (a71d9c3d15aa)
[18:50:07]   pumps (30s): TM00[A] 2.0745, TE00[S] 2.0082 | TM10[S] 1.9577, TE10[A] 1.8739, TM01[A] 1.8612
[18:50:08]   done in 49s; no phase matches
[18:50:08]   elapsed 8.8 min, est. remaining 8.8 min
[18:50:08] [10/18] ridge h=350 w=600 sw=5  (8f914b33fc75)
[18:50:58]   pumps (31s): TM00[A] 2.0853, TE00[S] 2.0219, TM10[S] 2.0013 | TE10[A] 1.9245, TM21[A] 1.8763
[18:50:58]   done in 51s; no phase matches
[18:50:58]   elapsed 9.6 min, est. remaining 7.7 min
[18:50:58] [11/18] ridge h=350 w=700 sw=5  (00ba18d567d4)
[18:51:49]   pumps (31s): TM00[A] 2.0921, TE00[S] 2.0304, TM10[S] 2.0287 | TE10[A] 1.9579, TM20[A] 1.9215
[18:51:49]   done in 51s; no phase matches
[18:51:49]   elapsed 10.5 min, est. remaining 6.7 min
[18:51:49] [12/18] ridge h=350 w=800 sw=5  (7dda556f8dbe)
[18:52:40]   pumps (32s): TM00[A] 2.0967, TM10[S] 2.0475, TE00[S] 2.0357 | TE10[A] 1.9800, TM20[A] 1.9638
[18:52:41]   done in 52s; no phase matches
[18:52:41]   elapsed 11.3 min, est. remaining 5.7 min
[18:52:41] [13/18] ridge h=400 w=300 sw=5  (9cc0f83b393e)
[18:53:30]   pumps (30s): TM00[A] 2.0329, TE00[S] 1.9419 | TM01[A] 1.8595, TE01[S] 1.8050, TM22[A] 1.7626
[18:53:30]   done in 49s; no phase matches
[18:53:30]   elapsed 12.1 min, est. remaining 4.7 min
[18:53:30] [14/18] ridge h=400 w=400 sw=5  (9b37ff52622b)
[18:54:18]   pumps (29s): TM00[A] 2.0699, TE00[S] 1.9931 | TM01[A] 1.8970, TM10[S] 1.8954, TE01[S] 1.8514
[18:54:19]   done in 49s; no phase matches
[18:54:19]   elapsed 13.0 min, est. remaining 3.7 min
[18:54:19] [15/18] ridge h=400 w=500 sw=5  (71b2c9782f1d)
[18:55:08]   pumps (30s): TM00[A] 2.0889, TE00[S] 2.0181 | TM10[S] 1.9707, TM01[A] 1.9167, TE01[S] 1.8780
[18:55:09]   done in 50s; no phase matches
[18:55:09]   elapsed 13.8 min, est. remaining 2.8 min
[18:55:09] [16/18] ridge h=400 w=600 sw=5  (93b2e9cb174c)
[18:55:59]   pumps (31s): TM00[A] 2.0998, TE00[S] 2.0320, TM10[S] 2.0151 | TE10[A] 1.9346, TM01[A] 1.9264
[18:56:00]   done in 51s; no phase matches
[18:56:00]   elapsed 14.6 min, est. remaining 1.8 min
[18:56:00] [17/18] ridge h=400 w=700 sw=5  (8719e9d5c176)
[18:56:50]   pumps (31s): TM00[A] 2.1067, TM10[S] 2.0433, TE00[S] 2.0404 | TE10[A] 1.9676, TM21[A] 1.9376
[18:56:50]   done in 51s; no phase matches
[18:56:50]   elapsed 15.5 min, est. remaining 0.9 min
[18:56:50] [18/18] ridge h=400 w=800 sw=5  (e5520e5aabf0)
[18:57:41]   pumps (32s): TM00[A] 2.1114, TM10[S] 2.0619, TE00[S] 2.0461 | TE10[A] 1.9901, TM20[A] 1.9779
[18:57:42]   done in 52s; no phase matches
[18:57:42]   elapsed 16.3 min, est. remaining 0.0 min
